// Jest Snapshot v1, https://goo.gl/fbAQLP

exports[`EditSelect with initial should match snapshot 1`] = `
<div>
  <select
    class="hsedit_select  mySelect"
  >
    <option
      class="hsedit_select_option"
      value="pizza"
    >
      pizza
    </option>
    <option
      class="hsedit_select_option"
      value="chicken"
    >
      chicken
    </option>
    <option
      class="hsedit_select_option selected"
      value="fries"
    >
      fries
    </option>
  </select>
</div>
`;

exports[`EditSelect without initial should match snapshot 1`] = `
<div>
  <select
    class="hsedit_select  mySelect"
  >
    <option
      class="hsedit_select_option selected"
      value="pizza"
    >
      pizza
    </option>
    <option
      class="hsedit_select_option"
      value="chicken"
    >
      chicken
    </option>
    <option
      class="hsedit_select_option"
      value="fries"
    >
      fries
    </option>
  </select>
</div>
`;
