// Jest Snapshot v1, https://goo.gl/fbAQLP

exports[`Grid columns should have DOM structure 1`] = `
Object {
  "attrs": Object {
    "class": null,
    "className": "hs_grid colGrid hs_grid_col",
    "columns": "50px auto 50px",
    "gap": "5px 5px",
    "style": " gap:5px 5px;grid-template-columns:50px auto 50px;",
  },
  "children": Array [
    Object {
      "attrs": Object {
        "className": "hs_grid_cell child0",
      },
      "children": undefined,
      "dom": undefined,
      "domSize": undefined,
      "events": undefined,
      "inspect": [Function],
      "instance": undefined,
      "key": undefined,
      "parent": [Circular],
      "state": undefined,
      "tag": "div",
      "text": "<",
    },
    Object {
      "attrs": Object {
        "class": "rowGrid hs_grid_row",
        "rows": "",
        "style": " grid-template-rows:;",
      },
      "children": Array [
        "1",
        "2",
        "3",
        "4",
        "5",
      ],
      "dom": undefined,
      "domSize": undefined,
      "events": undefined,
      "instance": Grid {},
      "key": undefined,
      "state": Grid {},
      "tag": [Function],
      "text": undefined,
    },
    Object {
      "attrs": Object {
        "className": "hs_grid_cell child2",
      },
      "children": undefined,
      "dom": undefined,
      "domSize": undefined,
      "events": undefined,
      "inspect": [Function],
      "instance": undefined,
      "key": undefined,
      "parent": [Circular],
      "state": undefined,
      "tag": "div",
      "text": ">",
    },
  ],
  "dom": undefined,
  "domSize": undefined,
  "events": undefined,
  "instance": undefined,
  "key": undefined,
  "parent": undefined,
  "renderedChildren": Array [
    Object {
      "attrs": Object {
        "className": "hs_grid_cell child0",
      },
      "children": undefined,
      "dom": undefined,
      "domSize": undefined,
      "events": undefined,
      "inspect": [Function],
      "instance": undefined,
      "key": undefined,
      "parent": [Circular],
      "state": undefined,
      "tag": "div",
      "text": "<",
    },
    Object {
      "attrs": Object {
        "class": null,
        "className": "hs_grid rowGrid hs_grid_row",
        "rows": "",
        "style": " grid-template-rows:;",
      },
      "children": Array [
        Object {
          "attrs": Object {
            "className": "hs_grid_cell child0",
          },
          "children": undefined,
          "dom": undefined,
          "domSize": undefined,
          "events": undefined,
          "inspect": [Function],
          "instance": undefined,
          "key": undefined,
          "parent": [Circular],
          "state": undefined,
          "tag": "div",
          "text": "1",
        },
        Object {
          "attrs": Object {
            "className": "hs_grid_cell child1",
          },
          "children": undefined,
          "dom": undefined,
          "domSize": undefined,
          "events": undefined,
          "inspect": [Function],
          "instance": undefined,
          "key": undefined,
          "parent": [Circular],
          "state": undefined,
          "tag": "div",
          "text": "2",
        },
        Object {
          "attrs": Object {
            "className": "hs_grid_cell child2",
          },
          "children": undefined,
          "dom": undefined,
          "domSize": undefined,
          "events": undefined,
          "inspect": [Function],
          "instance": undefined,
          "key": undefined,
          "parent": [Circular],
          "state": undefined,
          "tag": "div",
          "text": "3",
        },
        Object {
          "attrs": Object {
            "className": "hs_grid_cell child3",
          },
          "children": undefined,
          "dom": undefined,
          "domSize": undefined,
          "events": undefined,
          "inspect": [Function],
          "instance": undefined,
          "key": undefined,
          "parent": [Circular],
          "state": undefined,
          "tag": "div",
          "text": "4",
        },
        Object {
          "attrs": Object {
            "className": "hs_grid_cell child4",
          },
          "children": undefined,
          "dom": undefined,
          "domSize": undefined,
          "events": undefined,
          "inspect": [Function],
          "instance": undefined,
          "key": undefined,
          "parent": [Circular],
          "state": undefined,
          "tag": "div",
          "text": "5",
        },
      ],
      "dom": undefined,
      "domSize": undefined,
      "events": undefined,
      "inspect": [Function],
      "instance": undefined,
      "key": undefined,
      "parent": [Circular],
      "renderedChildren": Array [
        Object {
          "attrs": Object {
            "className": "hs_grid_cell child0",
          },
          "children": undefined,
          "dom": undefined,
          "domSize": undefined,
          "events": undefined,
          "inspect": [Function],
          "instance": undefined,
          "key": undefined,
          "parent": [Circular],
          "state": undefined,
          "tag": "div",
          "text": "1",
        },
        Object {
          "attrs": Object {
            "className": "hs_grid_cell child1",
          },
          "children": undefined,
          "dom": undefined,
          "domSize": undefined,
          "events": undefined,
          "inspect": [Function],
          "instance": undefined,
          "key": undefined,
          "parent": [Circular],
          "state": undefined,
          "tag": "div",
          "text": "2",
        },
        Object {
          "attrs": Object {
            "className": "hs_grid_cell child2",
          },
          "children": undefined,
          "dom": undefined,
          "domSize": undefined,
          "events": undefined,
          "inspect": [Function],
          "instance": undefined,
          "key": undefined,
          "parent": [Circular],
          "state": undefined,
          "tag": "div",
          "text": "3",
        },
        Object {
          "attrs": Object {
            "className": "hs_grid_cell child3",
          },
          "children": undefined,
          "dom": undefined,
          "domSize": undefined,
          "events": undefined,
          "inspect": [Function],
          "instance": undefined,
          "key": undefined,
          "parent": [Circular],
          "state": undefined,
          "tag": "div",
          "text": "4",
        },
        Object {
          "attrs": Object {
            "className": "hs_grid_cell child4",
          },
          "children": undefined,
          "dom": undefined,
          "domSize": undefined,
          "events": undefined,
          "inspect": [Function],
          "instance": undefined,
          "key": undefined,
          "parent": [Circular],
          "state": undefined,
          "tag": "div",
          "text": "5",
        },
      ],
      "state": undefined,
      "tag": "div",
      "text": undefined,
    },
    Object {
      "attrs": Object {
        "className": "hs_grid_cell child2",
      },
      "children": undefined,
      "dom": undefined,
      "domSize": undefined,
      "events": undefined,
      "inspect": [Function],
      "instance": undefined,
      "key": undefined,
      "parent": [Circular],
      "state": undefined,
      "tag": "div",
      "text": ">",
    },
  ],
  "state": undefined,
  "tag": "div",
  "text": undefined,
}
`;

exports[`Grid nested should have DOM structure 1`] = `
Object {
  "attrs": Object {
    "class": null,
    "className": "hs_grid colGrid hs_grid_col",
    "columns": "50px auto auto 50px",
    "gap": "5px 5px",
    "style": "background-color:#ffe; padding:20px 0; gap:5px 5px;grid-template-columns:50px auto auto 50px;",
  },
  "children": Array [
    Object {
      "attrs": Object {
        "className": "hs_grid_cell child0",
      },
      "children": undefined,
      "dom": undefined,
      "domSize": undefined,
      "events": undefined,
      "inspect": [Function],
      "instance": undefined,
      "key": undefined,
      "parent": [Circular],
      "state": undefined,
      "tag": "div",
      "text": "<",
    },
    Object {
      "attrs": Object {
        "class": "rowGrid hs_grid_row",
        "rows": "",
        "style": " grid-template-rows:;",
      },
      "children": Array [
        "1",
        "2",
        "3",
        "4",
        "5",
      ],
      "dom": undefined,
      "domSize": undefined,
      "events": undefined,
      "instance": Grid {},
      "key": undefined,
      "state": Grid {},
      "tag": [Function],
      "text": undefined,
    },
    Object {
      "attrs": Object {
        "class": "rowGrid hs_grid_row",
        "rows": "",
        "style": " grid-template-rows:;",
      },
      "children": Array [
        "1",
        "2",
        "3",
        "4",
        "5",
      ],
      "dom": undefined,
      "domSize": undefined,
      "events": undefined,
      "instance": Grid {},
      "key": undefined,
      "state": Grid {},
      "tag": [Function],
      "text": undefined,
    },
    Object {
      "attrs": Object {
        "className": "hs_grid_cell child3",
      },
      "children": undefined,
      "dom": undefined,
      "domSize": undefined,
      "events": undefined,
      "inspect": [Function],
      "instance": undefined,
      "key": undefined,
      "parent": [Circular],
      "state": undefined,
      "tag": "div",
      "text": ">",
    },
  ],
  "dom": undefined,
  "domSize": undefined,
  "events": undefined,
  "instance": undefined,
  "key": undefined,
  "parent": undefined,
  "renderedChildren": Array [
    Object {
      "attrs": Object {
        "className": "hs_grid_cell child0",
      },
      "children": undefined,
      "dom": undefined,
      "domSize": undefined,
      "events": undefined,
      "inspect": [Function],
      "instance": undefined,
      "key": undefined,
      "parent": [Circular],
      "state": undefined,
      "tag": "div",
      "text": "<",
    },
    Object {
      "attrs": Object {
        "class": null,
        "className": "hs_grid rowGrid hs_grid_row",
        "rows": "",
        "style": " grid-template-rows:;",
      },
      "children": Array [
        Object {
          "attrs": Object {
            "className": "hs_grid_cell child0",
          },
          "children": undefined,
          "dom": undefined,
          "domSize": undefined,
          "events": undefined,
          "inspect": [Function],
          "instance": undefined,
          "key": undefined,
          "parent": [Circular],
          "state": undefined,
          "tag": "div",
          "text": "1",
        },
        Object {
          "attrs": Object {
            "className": "hs_grid_cell child1",
          },
          "children": undefined,
          "dom": undefined,
          "domSize": undefined,
          "events": undefined,
          "inspect": [Function],
          "instance": undefined,
          "key": undefined,
          "parent": [Circular],
          "state": undefined,
          "tag": "div",
          "text": "2",
        },
        Object {
          "attrs": Object {
            "className": "hs_grid_cell child2",
          },
          "children": undefined,
          "dom": undefined,
          "domSize": undefined,
          "events": undefined,
          "inspect": [Function],
          "instance": undefined,
          "key": undefined,
          "parent": [Circular],
          "state": undefined,
          "tag": "div",
          "text": "3",
        },
        Object {
          "attrs": Object {
            "className": "hs_grid_cell child3",
          },
          "children": undefined,
          "dom": undefined,
          "domSize": undefined,
          "events": undefined,
          "inspect": [Function],
          "instance": undefined,
          "key": undefined,
          "parent": [Circular],
          "state": undefined,
          "tag": "div",
          "text": "4",
        },
        Object {
          "attrs": Object {
            "className": "hs_grid_cell child4",
          },
          "children": undefined,
          "dom": undefined,
          "domSize": undefined,
          "events": undefined,
          "inspect": [Function],
          "instance": undefined,
          "key": undefined,
          "parent": [Circular],
          "state": undefined,
          "tag": "div",
          "text": "5",
        },
      ],
      "dom": undefined,
      "domSize": undefined,
      "events": undefined,
      "inspect": [Function],
      "instance": undefined,
      "key": undefined,
      "parent": [Circular],
      "renderedChildren": Array [
        Object {
          "attrs": Object {
            "className": "hs_grid_cell child0",
          },
          "children": undefined,
          "dom": undefined,
          "domSize": undefined,
          "events": undefined,
          "inspect": [Function],
          "instance": undefined,
          "key": undefined,
          "parent": [Circular],
          "state": undefined,
          "tag": "div",
          "text": "1",
        },
        Object {
          "attrs": Object {
            "className": "hs_grid_cell child1",
          },
          "children": undefined,
          "dom": undefined,
          "domSize": undefined,
          "events": undefined,
          "inspect": [Function],
          "instance": undefined,
          "key": undefined,
          "parent": [Circular],
          "state": undefined,
          "tag": "div",
          "text": "2",
        },
        Object {
          "attrs": Object {
            "className": "hs_grid_cell child2",
          },
          "children": undefined,
          "dom": undefined,
          "domSize": undefined,
          "events": undefined,
          "inspect": [Function],
          "instance": undefined,
          "key": undefined,
          "parent": [Circular],
          "state": undefined,
          "tag": "div",
          "text": "3",
        },
        Object {
          "attrs": Object {
            "className": "hs_grid_cell child3",
          },
          "children": undefined,
          "dom": undefined,
          "domSize": undefined,
          "events": undefined,
          "inspect": [Function],
          "instance": undefined,
          "key": undefined,
          "parent": [Circular],
          "state": undefined,
          "tag": "div",
          "text": "4",
        },
        Object {
          "attrs": Object {
            "className": "hs_grid_cell child4",
          },
          "children": undefined,
          "dom": undefined,
          "domSize": undefined,
          "events": undefined,
          "inspect": [Function],
          "instance": undefined,
          "key": undefined,
          "parent": [Circular],
          "state": undefined,
          "tag": "div",
          "text": "5",
        },
      ],
      "state": undefined,
      "tag": "div",
      "text": undefined,
    },
    Object {
      "attrs": Object {
        "class": null,
        "className": "hs_grid rowGrid hs_grid_row",
        "rows": "",
        "style": " grid-template-rows:;",
      },
      "children": Array [
        Object {
          "attrs": Object {
            "className": "hs_grid_cell child0",
          },
          "children": undefined,
          "dom": undefined,
          "domSize": undefined,
          "events": undefined,
          "inspect": [Function],
          "instance": undefined,
          "key": undefined,
          "parent": [Circular],
          "state": undefined,
          "tag": "div",
          "text": "1",
        },
        Object {
          "attrs": Object {
            "className": "hs_grid_cell child1",
          },
          "children": undefined,
          "dom": undefined,
          "domSize": undefined,
          "events": undefined,
          "inspect": [Function],
          "instance": undefined,
          "key": undefined,
          "parent": [Circular],
          "state": undefined,
          "tag": "div",
          "text": "2",
        },
        Object {
          "attrs": Object {
            "className": "hs_grid_cell child2",
          },
          "children": undefined,
          "dom": undefined,
          "domSize": undefined,
          "events": undefined,
          "inspect": [Function],
          "instance": undefined,
          "key": undefined,
          "parent": [Circular],
          "state": undefined,
          "tag": "div",
          "text": "3",
        },
        Object {
          "attrs": Object {
            "className": "hs_grid_cell child3",
          },
          "children": undefined,
          "dom": undefined,
          "domSize": undefined,
          "events": undefined,
          "inspect": [Function],
          "instance": undefined,
          "key": undefined,
          "parent": [Circular],
          "state": undefined,
          "tag": "div",
          "text": "4",
        },
        Object {
          "attrs": Object {
            "className": "hs_grid_cell child4",
          },
          "children": undefined,
          "dom": undefined,
          "domSize": undefined,
          "events": undefined,
          "inspect": [Function],
          "instance": undefined,
          "key": undefined,
          "parent": [Circular],
          "state": undefined,
          "tag": "div",
          "text": "5",
        },
      ],
      "dom": undefined,
      "domSize": undefined,
      "events": undefined,
      "inspect": [Function],
      "instance": undefined,
      "key": undefined,
      "parent": [Circular],
      "renderedChildren": Array [
        Object {
          "attrs": Object {
            "className": "hs_grid_cell child0",
          },
          "children": undefined,
          "dom": undefined,
          "domSize": undefined,
          "events": undefined,
          "inspect": [Function],
          "instance": undefined,
          "key": undefined,
          "parent": [Circular],
          "state": undefined,
          "tag": "div",
          "text": "1",
        },
        Object {
          "attrs": Object {
            "className": "hs_grid_cell child1",
          },
          "children": undefined,
          "dom": undefined,
          "domSize": undefined,
          "events": undefined,
          "inspect": [Function],
          "instance": undefined,
          "key": undefined,
          "parent": [Circular],
          "state": undefined,
          "tag": "div",
          "text": "2",
        },
        Object {
          "attrs": Object {
            "className": "hs_grid_cell child2",
          },
          "children": undefined,
          "dom": undefined,
          "domSize": undefined,
          "events": undefined,
          "inspect": [Function],
          "instance": undefined,
          "key": undefined,
          "parent": [Circular],
          "state": undefined,
          "tag": "div",
          "text": "3",
        },
        Object {
          "attrs": Object {
            "className": "hs_grid_cell child3",
          },
          "children": undefined,
          "dom": undefined,
          "domSize": undefined,
          "events": undefined,
          "inspect": [Function],
          "instance": undefined,
          "key": undefined,
          "parent": [Circular],
          "state": undefined,
          "tag": "div",
          "text": "4",
        },
        Object {
          "attrs": Object {
            "className": "hs_grid_cell child4",
          },
          "children": undefined,
          "dom": undefined,
          "domSize": undefined,
          "events": undefined,
          "inspect": [Function],
          "instance": undefined,
          "key": undefined,
          "parent": [Circular],
          "state": undefined,
          "tag": "div",
          "text": "5",
        },
      ],
      "state": undefined,
      "tag": "div",
      "text": undefined,
    },
    Object {
      "attrs": Object {
        "className": "hs_grid_cell child3",
      },
      "children": undefined,
      "dom": undefined,
      "domSize": undefined,
      "events": undefined,
      "inspect": [Function],
      "instance": undefined,
      "key": undefined,
      "parent": [Circular],
      "state": undefined,
      "tag": "div",
      "text": ">",
    },
  ],
  "state": undefined,
  "tag": "div",
  "text": undefined,
}
`;

exports[`Grid rows should have DOM structure 1`] = `
Object {
  "attrs": Object {
    "class": null,
    "className": "hs_grid colGrid hs_grid_row",
    "gap": "5px 5px",
    "rows": "50px auto 50px",
    "style": " gap:5px 5px;grid-template-rows:50px auto 50px;",
  },
  "children": Array [
    Object {
      "attrs": Object {
        "className": "hs_grid_cell child0",
      },
      "children": undefined,
      "dom": undefined,
      "domSize": undefined,
      "events": undefined,
      "inspect": [Function],
      "instance": undefined,
      "key": undefined,
      "parent": [Circular],
      "state": undefined,
      "tag": "div",
      "text": "<",
    },
    Object {
      "attrs": Object {
        "class": "rowGrid hs_grid_row",
        "rows": "",
        "style": " grid-template-rows:;",
      },
      "children": Array [
        "1",
        "2",
        "3",
        "4",
        "5",
      ],
      "dom": undefined,
      "domSize": undefined,
      "events": undefined,
      "instance": Grid {},
      "key": undefined,
      "state": Grid {},
      "tag": [Function],
      "text": undefined,
    },
    Object {
      "attrs": Object {
        "className": "hs_grid_cell child2",
      },
      "children": undefined,
      "dom": undefined,
      "domSize": undefined,
      "events": undefined,
      "inspect": [Function],
      "instance": undefined,
      "key": undefined,
      "parent": [Circular],
      "state": undefined,
      "tag": "div",
      "text": ">",
    },
  ],
  "dom": undefined,
  "domSize": undefined,
  "events": undefined,
  "instance": undefined,
  "key": undefined,
  "parent": undefined,
  "renderedChildren": Array [
    Object {
      "attrs": Object {
        "className": "hs_grid_cell child0",
      },
      "children": undefined,
      "dom": undefined,
      "domSize": undefined,
      "events": undefined,
      "inspect": [Function],
      "instance": undefined,
      "key": undefined,
      "parent": [Circular],
      "state": undefined,
      "tag": "div",
      "text": "<",
    },
    Object {
      "attrs": Object {
        "class": null,
        "className": "hs_grid rowGrid hs_grid_row",
        "rows": "",
        "style": " grid-template-rows:;",
      },
      "children": Array [
        Object {
          "attrs": Object {
            "className": "hs_grid_cell child0",
          },
          "children": undefined,
          "dom": undefined,
          "domSize": undefined,
          "events": undefined,
          "inspect": [Function],
          "instance": undefined,
          "key": undefined,
          "parent": [Circular],
          "state": undefined,
          "tag": "div",
          "text": "1",
        },
        Object {
          "attrs": Object {
            "className": "hs_grid_cell child1",
          },
          "children": undefined,
          "dom": undefined,
          "domSize": undefined,
          "events": undefined,
          "inspect": [Function],
          "instance": undefined,
          "key": undefined,
          "parent": [Circular],
          "state": undefined,
          "tag": "div",
          "text": "2",
        },
        Object {
          "attrs": Object {
            "className": "hs_grid_cell child2",
          },
          "children": undefined,
          "dom": undefined,
          "domSize": undefined,
          "events": undefined,
          "inspect": [Function],
          "instance": undefined,
          "key": undefined,
          "parent": [Circular],
          "state": undefined,
          "tag": "div",
          "text": "3",
        },
        Object {
          "attrs": Object {
            "className": "hs_grid_cell child3",
          },
          "children": undefined,
          "dom": undefined,
          "domSize": undefined,
          "events": undefined,
          "inspect": [Function],
          "instance": undefined,
          "key": undefined,
          "parent": [Circular],
          "state": undefined,
          "tag": "div",
          "text": "4",
        },
        Object {
          "attrs": Object {
            "className": "hs_grid_cell child4",
          },
          "children": undefined,
          "dom": undefined,
          "domSize": undefined,
          "events": undefined,
          "inspect": [Function],
          "instance": undefined,
          "key": undefined,
          "parent": [Circular],
          "state": undefined,
          "tag": "div",
          "text": "5",
        },
      ],
      "dom": undefined,
      "domSize": undefined,
      "events": undefined,
      "inspect": [Function],
      "instance": undefined,
      "key": undefined,
      "parent": [Circular],
      "renderedChildren": Array [
        Object {
          "attrs": Object {
            "className": "hs_grid_cell child0",
          },
          "children": undefined,
          "dom": undefined,
          "domSize": undefined,
          "events": undefined,
          "inspect": [Function],
          "instance": undefined,
          "key": undefined,
          "parent": [Circular],
          "state": undefined,
          "tag": "div",
          "text": "1",
        },
        Object {
          "attrs": Object {
            "className": "hs_grid_cell child1",
          },
          "children": undefined,
          "dom": undefined,
          "domSize": undefined,
          "events": undefined,
          "inspect": [Function],
          "instance": undefined,
          "key": undefined,
          "parent": [Circular],
          "state": undefined,
          "tag": "div",
          "text": "2",
        },
        Object {
          "attrs": Object {
            "className": "hs_grid_cell child2",
          },
          "children": undefined,
          "dom": undefined,
          "domSize": undefined,
          "events": undefined,
          "inspect": [Function],
          "instance": undefined,
          "key": undefined,
          "parent": [Circular],
          "state": undefined,
          "tag": "div",
          "text": "3",
        },
        Object {
          "attrs": Object {
            "className": "hs_grid_cell child3",
          },
          "children": undefined,
          "dom": undefined,
          "domSize": undefined,
          "events": undefined,
          "inspect": [Function],
          "instance": undefined,
          "key": undefined,
          "parent": [Circular],
          "state": undefined,
          "tag": "div",
          "text": "4",
        },
        Object {
          "attrs": Object {
            "className": "hs_grid_cell child4",
          },
          "children": undefined,
          "dom": undefined,
          "domSize": undefined,
          "events": undefined,
          "inspect": [Function],
          "instance": undefined,
          "key": undefined,
          "parent": [Circular],
          "state": undefined,
          "tag": "div",
          "text": "5",
        },
      ],
      "state": undefined,
      "tag": "div",
      "text": undefined,
    },
    Object {
      "attrs": Object {
        "className": "hs_grid_cell child2",
      },
      "children": undefined,
      "dom": undefined,
      "domSize": undefined,
      "events": undefined,
      "inspect": [Function],
      "instance": undefined,
      "key": undefined,
      "parent": [Circular],
      "state": undefined,
      "tag": "div",
      "text": ">",
    },
  ],
  "state": undefined,
  "tag": "div",
  "text": undefined,
}
`;
