// Jest Snapshot v1, https://goo.gl/fbAQLP

exports[`MenuPanel layout 1`] = `
<div>
  <div
    class="hs_grid  hs_grid_row"
    style="grid-template-rows: 30px auto;"
  >
    <div
      class="hs_option_buttons  hs_radio_buttons  hs_menu"
      style="grid-template-columns: repeat(3, 1fr);"
    >
      <div
        class="hs_button state0  hs_onoff_button index0"
      >
        one
      </div>
      <div
        class="hs_button state1  hs_onoff_button index1"
      >
        two
      </div>
      <div
        class="hs_button state0  hs_onoff_button index2"
      >
        three
      </div>
    </div>
    <div
      class="hs_grid_cell child1"
    >
      1st
    </div>
  </div>
</div>
`;
