// Jest Snapshot v1, https://goo.gl/fbAQLP

exports[`MenuPanel layout 1`] = `
<div>
  <div
    class="hs-layout  hs-row-layout "
  >
    <div
      class="hs-layout  "
      style="width: 100%; top: 0px; height: 30px;"
    >
      <div
        class="hs-menu "
        style=""
      >
        <div
          class="hs-layout  hs-column-layout "
        >
          <div
            class="hs-layout  "
            style="height: 100%; left: 0%; right: 66.66666666666666%; width: auto;"
          >
            <div
              class="hs-selectable  "
            >
              one
            </div>
          </div>
          <div
            class="hs-layout  "
            style="height: 100%; left: 33.333333333333336%; right: 33.33333333333333%; width: auto;"
          >
            <div
              class="hs-selectable  hs-selected"
            >
              two
            </div>
          </div>
          <div
            class="hs-layout  "
            style="height: 100%; left: 66.66666666666667%; right: 0%; width: auto;"
          >
            <div
              class="hs-selectable  "
            >
              three
            </div>
          </div>
        </div>
      </div>
    </div>
    <div
      class="hs-layout  "
      style="width: 100%; top: 30px; bottom: 0px; height: auto;"
    >
      <div
        class="hs-layout   hs-menu-panel"
      >
        <div
          class="hs-leaf"
        >
          2nd
        </div>
      </div>
    </div>
  </div>
</div>
`;
