// Jest Snapshot v1, https://goo.gl/fbAQLP

exports[`Pivot count should match snapshot 1`] = `
<div>
  <div
    class="hs_white"
  >
    <div
      class="hs_pivot"
    >
      <div
        class="row mon_header"
      >
        <span
          class="name"
        >
          by Area
        </span>
        <span
          class="hs_right"
        >
          blue
        </span>
        <span
          class="hs_right"
        >
          red
        </span>
        <span
          class="hs_right"
        >
          green
        </span>
      </div>
      <div
        class="hs_collapsible hs_collapsible_expanded pivot_row mon0"
      >
        <div
          class="hs_collapsible_title"
        >
          <div
            class="row"
          >
            <span
              class="name"
            >
               
            </span>
            <span
              class="hs_right"
            >
              3
            </span>
            <span
              class="hs_right"
            >
              1
            </span>
            <span
              class="hs_right"
            >
              2
            </span>
          </div>
        </div>
        <div
          class="hs_collapsible_content hs_scrolly"
          style="max-height: 400px; transition: max-height 0.25s ease-in-out;"
        >
          <div>
            <div
              class="hs_collapsible  pivot_row mon1"
            >
              <div
                class="hs_collapsible_title"
              >
                <div
                  class="row"
                >
                  <span
                    class="name"
                  >
                    N
                  </span>
                  <span
                    class="hs_right"
                  >
                    
                  </span>
                  <span
                    class="hs_right"
                  >
                    1
                  </span>
                  <span
                    class="hs_right"
                  >
                    
                  </span>
                </div>
              </div>
              <div
                class="hs_collapsible_content hs_scrolly"
                style="max-height: 0; transition: max-height 0.25s ease-in-out;"
              />
            </div>
          </div>
          <div>
            <div
              class="hs_collapsible  pivot_row mon1"
            >
              <div
                class="hs_collapsible_title"
              >
                <div
                  class="row"
                >
                  <span
                    class="name"
                  >
                    NE
                  </span>
                  <span
                    class="hs_right"
                  >
                    
                  </span>
                  <span
                    class="hs_right"
                  >
                    
                  </span>
                  <span
                    class="hs_right"
                  >
                    1
                  </span>
                </div>
              </div>
              <div
                class="hs_collapsible_content hs_scrolly"
                style="max-height: 0; transition: max-height 0.25s ease-in-out;"
              />
            </div>
          </div>
          <div>
            <div
              class="hs_collapsible  pivot_row mon1"
            >
              <div
                class="hs_collapsible_title"
              >
                <div
                  class="row"
                >
                  <span
                    class="name"
                  >
                    NW
                  </span>
                  <span
                    class="hs_right"
                  >
                    1
                  </span>
                  <span
                    class="hs_right"
                  >
                    
                  </span>
                  <span
                    class="hs_right"
                  >
                    
                  </span>
                </div>
              </div>
              <div
                class="hs_collapsible_content hs_scrolly"
                style="max-height: 0; transition: max-height 0.25s ease-in-out;"
              />
            </div>
          </div>
          <div>
            <div
              class="hs_collapsible  pivot_row mon1"
            >
              <div
                class="hs_collapsible_title"
              >
                <div
                  class="row"
                >
                  <span
                    class="name"
                  >
                    S
                  </span>
                  <span
                    class="hs_right"
                  >
                    2
                  </span>
                  <span
                    class="hs_right"
                  >
                    
                  </span>
                  <span
                    class="hs_right"
                  >
                    
                  </span>
                </div>
              </div>
              <div
                class="hs_collapsible_content hs_scrolly"
                style="max-height: 0; transition: max-height 0.25s ease-in-out;"
              />
            </div>
          </div>
          <div>
            <div
              class="hs_collapsible  pivot_row mon1"
            >
              <div
                class="hs_collapsible_title"
              >
                <div
                  class="row"
                >
                  <span
                    class="name"
                  >
                    SE
                  </span>
                  <span
                    class="hs_right"
                  >
                    
                  </span>
                  <span
                    class="hs_right"
                  >
                    
                  </span>
                  <span
                    class="hs_right"
                  >
                    1
                  </span>
                </div>
              </div>
              <div
                class="hs_collapsible_content hs_scrolly"
                style="max-height: 0; transition: max-height 0.25s ease-in-out;"
              />
            </div>
          </div>
        </div>
      </div>
    </div>
  </div>
</div>
`;

exports[`Pivot max and generator should match snapshot 1`] = `
<div>
  <div
    class="hs_white"
  >
    <div
      class="hs_pivot"
    >
      <div
        class="row mon_header"
      >
        <span
          class="name"
        >
          by Area
        </span>
        <span
          class="hs_right"
        >
          Sums
        </span>
        <span
          class="hs_right"
        >
          blue
        </span>
        <span
          class="hs_right"
        >
          red
        </span>
        <span
          class="hs_right"
        >
          green
        </span>
      </div>
      <div
        class="hs_collapsible hs_collapsible_expanded pivot_row mon0"
      >
        <div
          class="hs_collapsible_title"
        >
          <div
            class="row"
          >
            <span
              class="name"
            >
               
            </span>
            <span
              class="hs_right"
            >
              115
            </span>
            <span
              class="hs_right"
            >
              22
            </span>
            <span
              class="hs_right"
            >
              37
            </span>
            <span
              class="hs_right"
            >
              18
            </span>
          </div>
        </div>
        <div
          class="hs_collapsible_content hs_scrolly"
          style="max-height: 400px; transition: max-height 0.25s ease-in-out;"
        >
          <div>
            <div
              class="hs_collapsible  pivot_row mon1"
            >
              <div
                class="hs_collapsible_title"
              >
                <div
                  class="row"
                >
                  <span
                    class="name"
                  >
                    N
                  </span>
                  <span
                    class="hs_right"
                  >
                    37
                  </span>
                  <span
                    class="hs_right"
                  >
                    
                  </span>
                  <span
                    class="hs_right"
                  >
                    37
                  </span>
                  <span
                    class="hs_right"
                  >
                    
                  </span>
                </div>
              </div>
              <div
                class="hs_collapsible_content hs_scrolly"
                style="max-height: 0; transition: max-height 0.25s ease-in-out;"
              />
            </div>
          </div>
          <div>
            <div
              class="hs_collapsible  pivot_row mon1"
            >
              <div
                class="hs_collapsible_title"
              >
                <div
                  class="row"
                >
                  <span
                    class="name"
                  >
                    NE
                  </span>
                  <span
                    class="hs_right"
                  >
                    18
                  </span>
                  <span
                    class="hs_right"
                  >
                    
                  </span>
                  <span
                    class="hs_right"
                  >
                    
                  </span>
                  <span
                    class="hs_right"
                  >
                    18
                  </span>
                </div>
              </div>
              <div
                class="hs_collapsible_content hs_scrolly"
                style="max-height: 0; transition: max-height 0.25s ease-in-out;"
              />
            </div>
          </div>
          <div>
            <div
              class="hs_collapsible  pivot_row mon1"
            >
              <div
                class="hs_collapsible_title"
              >
                <div
                  class="row"
                >
                  <span
                    class="name"
                  >
                    NW
                  </span>
                  <span
                    class="hs_right"
                  >
                    17
                  </span>
                  <span
                    class="hs_right"
                  >
                    17
                  </span>
                  <span
                    class="hs_right"
                  >
                    
                  </span>
                  <span
                    class="hs_right"
                  >
                    
                  </span>
                </div>
              </div>
              <div
                class="hs_collapsible_content hs_scrolly"
                style="max-height: 0; transition: max-height 0.25s ease-in-out;"
              />
            </div>
          </div>
          <div>
            <div
              class="hs_collapsible  pivot_row mon1"
            >
              <div
                class="hs_collapsible_title"
              >
                <div
                  class="row"
                >
                  <span
                    class="name"
                  >
                    S
                  </span>
                  <span
                    class="hs_right"
                  >
                    34
                  </span>
                  <span
                    class="hs_right"
                  >
                    22
                  </span>
                  <span
                    class="hs_right"
                  >
                    
                  </span>
                  <span
                    class="hs_right"
                  >
                    
                  </span>
                </div>
              </div>
              <div
                class="hs_collapsible_content hs_scrolly"
                style="max-height: 0; transition: max-height 0.25s ease-in-out;"
              />
            </div>
          </div>
          <div>
            <div
              class="hs_collapsible  pivot_row mon1"
            >
              <div
                class="hs_collapsible_title"
              >
                <div
                  class="row"
                >
                  <span
                    class="name"
                  >
                    SE
                  </span>
                  <span
                    class="hs_right"
                  >
                    9
                  </span>
                  <span
                    class="hs_right"
                  >
                    
                  </span>
                  <span
                    class="hs_right"
                  >
                    
                  </span>
                  <span
                    class="hs_right"
                  >
                    9
                  </span>
                </div>
              </div>
              <div
                class="hs_collapsible_content hs_scrolly"
                style="max-height: 0; transition: max-height 0.25s ease-in-out;"
              />
            </div>
          </div>
        </div>
      </div>
    </div>
  </div>
</div>
`;

exports[`Pivot min should match snapshot 1`] = `
<div>
  <div
    class="hs_white"
  >
    <div
      class="hs_pivot"
    >
      <div
        class="row mon_header"
      >
        <span
          class="name"
        >
          by Area
        </span>
        <span
          class="hs_right"
        >
          blue
        </span>
        <span
          class="hs_right"
        >
          red
        </span>
        <span
          class="hs_right"
        >
          green
        </span>
      </div>
      <div
        class="hs_collapsible hs_collapsible_expanded pivot_row mon0"
      >
        <div
          class="hs_collapsible_title"
        >
          <div
            class="row"
          >
            <span
              class="name"
            >
               
            </span>
            <span
              class="hs_right"
            >
              12
            </span>
            <span
              class="hs_right"
            >
              37
            </span>
            <span
              class="hs_right"
            >
              9
            </span>
          </div>
        </div>
        <div
          class="hs_collapsible_content hs_scrolly"
          style="max-height: 400px; transition: max-height 0.25s ease-in-out;"
        >
          <div>
            <div
              class="hs_collapsible  pivot_row mon1"
            >
              <div
                class="hs_collapsible_title"
              >
                <div
                  class="row"
                >
                  <span
                    class="name"
                  >
                    N
                  </span>
                  <span
                    class="hs_right"
                  >
                    
                  </span>
                  <span
                    class="hs_right"
                  >
                    37
                  </span>
                  <span
                    class="hs_right"
                  >
                    
                  </span>
                </div>
              </div>
              <div
                class="hs_collapsible_content hs_scrolly"
                style="max-height: 0; transition: max-height 0.25s ease-in-out;"
              />
            </div>
          </div>
          <div>
            <div
              class="hs_collapsible  pivot_row mon1"
            >
              <div
                class="hs_collapsible_title"
              >
                <div
                  class="row"
                >
                  <span
                    class="name"
                  >
                    NE
                  </span>
                  <span
                    class="hs_right"
                  >
                    
                  </span>
                  <span
                    class="hs_right"
                  >
                    
                  </span>
                  <span
                    class="hs_right"
                  >
                    18
                  </span>
                </div>
              </div>
              <div
                class="hs_collapsible_content hs_scrolly"
                style="max-height: 0; transition: max-height 0.25s ease-in-out;"
              />
            </div>
          </div>
          <div>
            <div
              class="hs_collapsible  pivot_row mon1"
            >
              <div
                class="hs_collapsible_title"
              >
                <div
                  class="row"
                >
                  <span
                    class="name"
                  >
                    NW
                  </span>
                  <span
                    class="hs_right"
                  >
                    17
                  </span>
                  <span
                    class="hs_right"
                  >
                    
                  </span>
                  <span
                    class="hs_right"
                  >
                    
                  </span>
                </div>
              </div>
              <div
                class="hs_collapsible_content hs_scrolly"
                style="max-height: 0; transition: max-height 0.25s ease-in-out;"
              />
            </div>
          </div>
          <div>
            <div
              class="hs_collapsible  pivot_row mon1"
            >
              <div
                class="hs_collapsible_title"
              >
                <div
                  class="row"
                >
                  <span
                    class="name"
                  >
                    S
                  </span>
                  <span
                    class="hs_right"
                  >
                    12
                  </span>
                  <span
                    class="hs_right"
                  >
                    
                  </span>
                  <span
                    class="hs_right"
                  >
                    
                  </span>
                </div>
              </div>
              <div
                class="hs_collapsible_content hs_scrolly"
                style="max-height: 0; transition: max-height 0.25s ease-in-out;"
              />
            </div>
          </div>
          <div>
            <div
              class="hs_collapsible  pivot_row mon1"
            >
              <div
                class="hs_collapsible_title"
              >
                <div
                  class="row"
                >
                  <span
                    class="name"
                  >
                    SE
                  </span>
                  <span
                    class="hs_right"
                  >
                    
                  </span>
                  <span
                    class="hs_right"
                  >
                    
                  </span>
                  <span
                    class="hs_right"
                  >
                    9
                  </span>
                </div>
              </div>
              <div
                class="hs_collapsible_content hs_scrolly"
                style="max-height: 0; transition: max-height 0.25s ease-in-out;"
              />
            </div>
          </div>
        </div>
      </div>
    </div>
  </div>
</div>
`;

exports[`Pivot sum should match snapshot 1`] = `
<div>
  <div
    class="hs_white"
  >
    <div
      class="hs_pivot"
    >
      <div
        class="row mon_header"
      >
        <span
          class="name"
        >
          click to expand rows
        </span>
        <span
          class="hs_right"
        >
          sums
        </span>
        <span
          class="hs_right"
        >
          square
        </span>
        <span
          class="hs_right"
        >
          circle
        </span>
        <span
          class="hs_right"
        >
          triangle
        </span>
        <span
          class="hs_right"
        >
          cone
        </span>
      </div>
      <div
        class="hs_collapsible hs_collapsible_expanded pivot_row mon0"
      >
        <div
          class="hs_collapsible_title"
        >
          <div
            class="row"
          >
            <span
              class="name"
            >
               
            </span>
            <span
              class="hs_right"
            >
              37
            </span>
            <span
              class="hs_right"
            >
              35
            </span>
            <span
              class="hs_right"
            >
              49
            </span>
            <span
              class="hs_right"
            >
              22
            </span>
            <span
              class="hs_right"
            >
              9
            </span>
          </div>
        </div>
        <div
          class="hs_collapsible_content hs_scrolly"
          style="max-height: 400px; transition: max-height 0.25s ease-in-out;"
        >
          <div>
            <div
              class="hs_collapsible  pivot_row mon1"
            >
              <div
                class="hs_collapsible_title"
              >
                <div
                  class="row"
                >
                  <span
                    class="name"
                  >
                    blue
                  </span>
                  <span
                    class="hs_right"
                  >
                    22
                  </span>
                  <span
                    class="hs_right"
                  >
                    17
                  </span>
                  <span
                    class="hs_right"
                  >
                    12
                  </span>
                  <span
                    class="hs_right"
                  >
                    22
                  </span>
                  <span
                    class="hs_right"
                  >
                    
                  </span>
                </div>
              </div>
              <div
                class="hs_collapsible_content hs_scrolly"
                style="max-height: 0; transition: max-height 0.25s ease-in-out;"
              />
            </div>
          </div>
          <div>
            <div
              class="hs_collapsible  pivot_row mon1"
            >
              <div
                class="hs_collapsible_title"
              >
                <div
                  class="row"
                >
                  <span
                    class="name"
                  >
                    green
                  </span>
                  <span
                    class="hs_right"
                  >
                    18
                  </span>
                  <span
                    class="hs_right"
                  >
                    18
                  </span>
                  <span
                    class="hs_right"
                  >
                    
                  </span>
                  <span
                    class="hs_right"
                  >
                    
                  </span>
                  <span
                    class="hs_right"
                  >
                    9
                  </span>
                </div>
              </div>
              <div
                class="hs_collapsible_content hs_scrolly"
                style="max-height: 0; transition: max-height 0.25s ease-in-out;"
              />
            </div>
          </div>
          <div>
            <div
              class="hs_collapsible  pivot_row mon1"
            >
              <div
                class="hs_collapsible_title"
              >
                <div
                  class="row"
                >
                  <span
                    class="name"
                  >
                    red
                  </span>
                  <span
                    class="hs_right"
                  >
                    37
                  </span>
                  <span
                    class="hs_right"
                  >
                    
                  </span>
                  <span
                    class="hs_right"
                  >
                    37
                  </span>
                  <span
                    class="hs_right"
                  >
                    
                  </span>
                  <span
                    class="hs_right"
                  >
                    
                  </span>
                </div>
              </div>
              <div
                class="hs_collapsible_content hs_scrolly"
                style="max-height: 0; transition: max-height 0.25s ease-in-out;"
              />
            </div>
          </div>
        </div>
      </div>
    </div>
  </div>
</div>
`;
