// Jest Snapshot v1, https://goo.gl/fbAQLP

exports[`Type Ahead should match 1`] = `
Object {
  "blur": [Function],
  "click": [Function],
  "contains": [Function],
  "contextMenu": [Function],
  "find": [Function],
  "first": [Function],
  "focus": [Function],
  "has": [Function],
  "keydown": [Function],
  "keypress": [Function],
  "keyup": [Function],
  "log": [Function],
  "mousedown": [Function],
  "mouseenter": [Function],
  "mouseleave": [Function],
  "mouseout": [Function],
  "mouseover": [Function],
  "mouseup": [Function],
  "onremove": [Function],
  "onremovers": Array [],
  "redraw": [Function],
  "rootNode": Object {
    "attrs": Object {
      "className": "hs-form",
    },
    "children": Array [
      Object {
        "attrs": Object {
          "autofocus": true,
          "className": "hs-typeahead-input hs-typeahead-value",
          "contenteditable": true,
          "oninput": [Function],
          "onkeydown": [Function],
          "placeholder": "favorite hero",
        },
        "children": Array [
          Object {
            "attrs": undefined,
            "children": "result",
            "dom": undefined,
            "domSize": undefined,
            "events": undefined,
            "instance": undefined,
            "key": undefined,
            "parent": [Circular],
            "renderedChildren": "result",
            "state": undefined,
            "tag": "<",
            "text": undefined,
          },
        ],
        "dom": undefined,
        "domSize": undefined,
        "events": undefined,
        "instance": undefined,
        "key": undefined,
        "parent": [Circular],
        "renderedChildren": Array [
          Object {
            "attrs": undefined,
            "children": "result",
            "dom": undefined,
            "domSize": undefined,
            "events": undefined,
            "instance": undefined,
            "key": undefined,
            "parent": [Circular],
            "renderedChildren": "result",
            "state": undefined,
            "tag": "<",
            "text": undefined,
          },
        ],
        "state": undefined,
        "tag": "input",
        "text": undefined,
      },
      null,
    ],
    "dom": undefined,
    "domSize": undefined,
    "events": undefined,
    "instance": undefined,
    "key": undefined,
    "parent": undefined,
    "renderedChildren": Array [
      Object {
        "attrs": Object {
          "autofocus": true,
          "className": "hs-typeahead-input hs-typeahead-value",
          "contenteditable": true,
          "oninput": [Function],
          "onkeydown": [Function],
          "placeholder": "favorite hero",
        },
        "children": Array [
          Object {
            "attrs": undefined,
            "children": "result",
            "dom": undefined,
            "domSize": undefined,
            "events": undefined,
            "instance": undefined,
            "key": undefined,
            "parent": [Circular],
            "renderedChildren": "result",
            "state": undefined,
            "tag": "<",
            "text": undefined,
          },
        ],
        "dom": undefined,
        "domSize": undefined,
        "events": undefined,
        "instance": undefined,
        "key": undefined,
        "parent": [Circular],
        "renderedChildren": Array [
          Object {
            "attrs": undefined,
            "children": "result",
            "dom": undefined,
            "domSize": undefined,
            "events": undefined,
            "instance": undefined,
            "key": undefined,
            "parent": [Circular],
            "renderedChildren": "result",
            "state": undefined,
            "tag": "<",
            "text": undefined,
          },
        ],
        "state": undefined,
        "tag": "input",
        "text": undefined,
      },
      "",
    ],
    "state": undefined,
    "tag": "div",
    "text": undefined,
  },
  "setValue": [Function],
  "should": Object {
    "contain": [Function],
    "have": [Function],
    "not": Object {
      "contain": [Function],
      "have": [Function],
    },
  },
  "trigger": [Function],
}
`;
